G__21441_21458:jn
G__21443_21461:kn
G__21446_21464:ln
G__21452_21473:mn
JSCompiler_StaticMethods_assoc_BANG_:Rg
JSCompiler_StaticMethods_cljs$core$ITransientVector$_assoc_n_BANG_$arity$3:Yf
JSCompiler_StaticMethods_divide:Fa
JSCompiler_StaticMethods_forceChunk:fh
JSCompiler_StaticMethods_getBits:Da
JSCompiler_StaticMethods_isZero:Ea
JSCompiler_StaticMethods_negate:wa
JSCompiler_StaticMethods_re_frame$router$IEventQueue$_call_post_event_callbacks$arity$2:Lm
JSCompiler_StaticMethods_re_frame$router$IEventQueue$_fsm_trigger$arity$3:Hm
JSCompiler_StaticMethods_re_frame$router$IEventQueue$_pause$arity$2:Km
JSCompiler_StaticMethods_re_frame$router$IEventQueue$_process_1st_event_in_queue$arity$1:Im
JSCompiler_StaticMethods_re_frame$router$IEventQueue$_run_next_tick$arity$1:Jm
JSCompiler_StaticMethods_re_frame$router$IEventQueue$_run_queue$arity$1:Gm
JSCompiler_StaticMethods_shiftRight:Ha
JSCompiler_StaticMethods_sval:ke
JSCompiler_StaticMethods_toNumber:Ba
JSCompiler_prototypeAlias:g
L 0:a
L 1:b
L 10:n
L 11:p
L 12:q
L 13:t
L 14:v
L 15:A
L 16:F
L 17:R
L 18:ea
L 19:ma
L 2:c
L 20:Ua
L 21:pb
L 22:Ca
L 23:y
L 24:G
L 25:J
L 26:M
L 27:N
L 28:O
L 29:Q
L 3:d
L 30:U
L 31:Z
L 32:ca
L 33:da
L 34:ia
L 35:la
L 36:ra
L 37:va
L 38:ya
L 39:Ia
L 4:e
L 40:Za
L 41:kb
L 42:Ob
L 43:Tc
L 44:Mf
L 5:f
L 6:h
L 7:k
L 8:l
L 9:m
cljs:Na
cljs$core:Oa
cljs$core$ArrayChunk:me
cljs$core$ArrayNode:Bg
cljs$core$ArrayNodeIterator:Fg
cljs$core$ArrayNodeSeq:Mg
cljs$core$Atom:Ue
cljs$core$BitmapIndexedNode:xg
cljs$core$BitmapIndexedNode$EMPTY:Ag
cljs$core$Box:qg
cljs$core$ChunkBuffer:le
cljs$core$ChunkedCons:ne
cljs$core$ChunkedSeq:Rf
cljs$core$Cons:fe
cljs$core$ES6EntriesIterator:fg
cljs$core$ES6Iterator:Uc
cljs$core$ES6SetEntriesIterator:gg
cljs$core$EmptyList:ee
cljs$core$ExceptionInfo:Eh
cljs$core$Fn:ob
cljs$core$HashCollisionNode:Jg
cljs$core$HashMapIter:Og
cljs$core$HashSetIter:Wg
cljs$core$ICollection:vb
cljs$core$ICounted:rb
cljs$core$IDeref:Tb
cljs$core$IEmptyableCollection:tb
cljs$core$IEncodeJS:Ah
cljs$core$IFn:qb
cljs$core$IIndexed:xb
cljs$core$IIterable:yc
cljs$core$IKVReduce:$b
cljs$core$IList:gc
cljs$core$ILookup:Eb
cljs$core$IMap:Ib
cljs$core$IMeta:Vb
cljs$core$INIT:Je
cljs$core$INext:Cb
cljs$core$IPrintWithWriter:jc
cljs$core$IRecord:hc
cljs$core$IReduce:Yb
cljs$core$ISeq:zb
cljs$core$ISeqable:dc
cljs$core$ISequential:fc
cljs$core$ISet:Mb
cljs$core$ITER_SYMBOL:ib
cljs$core$IVector:Rb
cljs$core$IndexedSeq:E
cljs$core$IndexedSeqIterator:md
cljs$core$KeySeq:Tg
cljs$core$Keyword:C
cljs$core$LazySeq:je
cljs$core$List:sd
cljs$core$List$EMPTY:Rc
cljs$core$MapEntry:Ef
cljs$core$MetaFn:yd
cljs$core$NeverEquiv:cg
cljs$core$NodeIterator:wg
cljs$core$NodeSeq:Kg
cljs$core$PROTOCOL_SENTINEL:u
cljs$core$PersistentArrayMap:Wa
cljs$core$PersistentArrayMap$EMPTY:Ie
cljs$core$PersistentArrayMap$HASHMAP_THRESHOLD:ng
cljs$core$PersistentArrayMap$createAsIfByAssoc:vd
cljs$core$PersistentArrayMapIterator:jg
cljs$core$PersistentArrayMapSeq:ig
cljs$core$PersistentHashMap:Pg
cljs$core$PersistentHashMap$EMPTY:og
cljs$core$PersistentHashSet:Xg
cljs$core$PersistentHashSet$EMPTY:Zg
cljs$core$PersistentQueue:ag
cljs$core$PersistentQueue$EMPTY:bg
cljs$core$PersistentQueueIter:Zf
cljs$core$PersistentQueueSeq:$f
cljs$core$PersistentVector:X
cljs$core$PersistentVector$EMPTY:rd
cljs$core$PersistentVector$EMPTY_NODE:Y
cljs$core$PersistentVector$fromArray:Kf
cljs$core$Range:eh
cljs$core$RangeChunk:ch
cljs$core$RangeIterator:dh
cljs$core$RangedIterator:Af
cljs$core$Reduced:ad
cljs$core$Repeat:bf
cljs$core$START:Ke
cljs$core$SeqIter:Le
cljs$core$StringBufferWriter:Ac
cljs$core$Subvec:Tf
cljs$core$Symbol:Nc
cljs$core$TransientArrayMap:mg
cljs$core$TransientHashMap:Qg
cljs$core$TransientHashSet:Yg
cljs$core$TransientVector:Ff
cljs$core$ValSeq:Ug
cljs$core$VectorNode:pf
cljs$core$_EQ_:Sc
cljs$core$_PLUS_:Zd
cljs$core$_STAR_:$d
cljs$core$_STAR_eval_STAR_:Hh
cljs$core$_STAR_loaded_libs_STAR_:Ta
cljs$core$_STAR_print_err_fn_STAR_:Ra
cljs$core$_STAR_print_fn_STAR_:Qa
cljs$core$_STAR_print_level_STAR_:Sa
cljs$core$_add_watch:lc
cljs$core$_as_transient:nc
cljs$core$_assoc:Gb
cljs$core$_assoc_BANG_:qc
cljs$core$_assoc_n:Sb
cljs$core$_chunked_first:sc
cljs$core$_chunked_rest:tc
cljs$core$_clj__GT_js:Bh
cljs$core$_conj:wb
cljs$core$_conj_BANG_:oc
cljs$core$_count:sb
cljs$core$_deref:Ub
cljs$core$_disjoin:Nb
cljs$core$_dissoc:Jb
cljs$core$_drop_first:rc
cljs$core$_empty:ub
cljs$core$_equiv:bc
cljs$core$_find:Hb
cljs$core$_first:Ab
cljs$core$_hash:cc
cljs$core$_indexOf$cljs$0core$0IFn$0_invoke$0arity$03:K
cljs$core$_iterator:zc
cljs$core$_key:Kb
cljs$core$_kv_reduce:ac
cljs$core$_lastIndexOf$cljs$0core$0IFn$0_invoke$0arity$03:S
cljs$core$_lookup:Fb
cljs$core$_meta:Wb
cljs$core$_name:uc
cljs$core$_namespace:vc
cljs$core$_next:Db
cljs$core$_nth:yb
cljs$core$_peek:Pb
cljs$core$_persistent_BANG_:pc
cljs$core$_pop:Qb
cljs$core$_pr_writer:kc
cljs$core$_reduce:Zb
cljs$core$_remove_watch:mc
cljs$core$_reset_BANG_:wc
cljs$core$_rest:Bb
cljs$core$_seq:ec
cljs$core$_swap_BANG_:xc
cljs$core$_val:Lb
cljs$core$_with_meta:Xb
cljs$core$_write:ic
cljs$core$aclone:jb
cljs$core$apply:zd
cljs$core$apply$cljs$0core$0IFn$0_invoke$0arity$02:Ae
cljs$core$apply$cljs$0core$0IFn$0_invoke$0arity$03:Be
cljs$core$apply$cljs$0core$0IFn$0_invoke$0arity$04:Ce
cljs$core$apply$cljs$0core$0IFn$0_invoke$0arity$05:De
cljs$core$apply$cljs$0core$0IFn$0_invoke$0arity$0variadic:Ee
cljs$core$apply_to:ue
cljs$core$apply_to_simple$cljs$0core$0IFn$0_invoke$0arity$03:we
cljs$core$apply_to_simple$cljs$0core$0IFn$0_invoke$0arity$04:xe
cljs$core$apply_to_simple$cljs$0core$0IFn$0_invoke$0arity$05:ye
cljs$core$apply_to_simple$cljs$0core$0IFn$0_invoke$0arity$06:ze
cljs$core$array_QMARK_:eb
cljs$core$array__GT_transient_hash_map:pg
cljs$core$array_copy:Md
cljs$core$array_for:xf
cljs$core$array_index_of:hg
cljs$core$array_reduce$cljs$0core$0IFn$0_invoke$0arity$02:fd
cljs$core$array_reduce$cljs$0core$0IFn$0_invoke$0arity$03:gd
cljs$core$array_reduce$cljs$0core$0IFn$0_invoke$0arity$04:hd
cljs$core$assoc:W
cljs$core$assoc_in:kf
cljs$core$atom$cljs$0core$0IFn$0_invoke$0arity$01:Ve
cljs$core$bit_count:de
cljs$core$boolean$0:Od
cljs$core$bounded_count:qe
cljs$core$build_subvec:Uf
cljs$core$butlast:ah
cljs$core$char_escapes:mh
cljs$core$chunk_append:pe
cljs$core$chunk_cons:oe
cljs$core$chunked_seq:Jf
cljs$core$chunked_seq$cljs$0core$0IFn$0_invoke$0arity$04:If
cljs$core$chunked_seq$cljs$0core$0IFn$0_invoke$0arity$05:Sf
cljs$core$chunked_seq_QMARK_:Ld
cljs$core$ci_reduce$cljs$0core$0IFn$0_invoke$0arity$02:dd
cljs$core$ci_reduce$cljs$0core$0IFn$0_invoke$0arity$03:ed
cljs$core$clj__GT_js:Ch
cljs$core$clone_and_set$cljs$0core$0IFn$0_invoke$0arity$03:sg
cljs$core$coll_QMARK_:Fd
cljs$core$complement:Oe
cljs$core$concat:se
cljs$core$conj:qd
cljs$core$conj_BANG_:te
cljs$core$cons:od
cljs$core$contains_QMARK_:Qd
cljs$core$count:P
cljs$core$counted_QMARK_:id
cljs$core$create_array_node_seq:Hg
cljs$core$create_array_node_seq$cljs$0core$0IFn$0_invoke$0arity$01:Gg
cljs$core$create_array_node_seq$cljs$0core$0IFn$0_invoke$0arity$03:Ng
cljs$core$create_inode_seq:zg
cljs$core$create_inode_seq$cljs$0core$0IFn$0_invoke$0arity$01:yg
cljs$core$create_inode_seq$cljs$0core$0IFn$0_invoke$0arity$03:Lg
cljs$core$create_node:Dg
cljs$core$create_node$cljs$0core$0IFn$0_invoke$0arity$06:Eg
cljs$core$create_node$cljs$0core$0IFn$0_invoke$0arity$07:Cg
cljs$core$dec:ae
cljs$core$deref:cd
cljs$core$disj:Dd
cljs$core$dissoc:wd
cljs$core$do_assoc:yf
cljs$core$doall$cljs$0core$0IFn$0_invoke$0arity$01:hh
cljs$core$drop$cljs$0core$0IFn$0_invoke$0arity$02:$e
cljs$core$drop_last$cljs$0core$0IFn$0_invoke$0arity$02:af
cljs$core$edit_and_set$cljs$0core$0IFn$0_invoke$0arity$04:ug
cljs$core$empty:td
cljs$core$empty_QMARK_:Ed
cljs$core$empty_ordered_hash:Xc
cljs$core$empty_unordered_hash:Zc
cljs$core$enable_console_print_BANG_:cb
cljs$core$equiv_map:eg
cljs$core$equiv_sequential:nd
cljs$core$es6_iterator:Vc
cljs$core$every_QMARK_:Me
cljs$core$ex_info$cljs$0core$0IFn$0_invoke$0arity$02:Fh
cljs$core$filter$cljs$0core$0IFn$0_invoke$0arity$02:df
cljs$core$first:H
cljs$core$flatten:gf
cljs$core$fn_QMARK_:xd
cljs$core$fnil$cljs$0core$0IFn$0_invoke$0arity$02:Qe
cljs$core$gensym$cljs$0core$0IFn$0_invoke$0arity$01:zh
cljs$core$gensym_counter:yh
cljs$core$get:B
cljs$core$hash:Kc
cljs$core$hash_collision_node_find_index:Ig
cljs$core$hash_combine:Lc
cljs$core$hash_map:Sg
cljs$core$hash_ordered_coll:Wc
cljs$core$hash_string:Jc
cljs$core$hash_unordered_coll:Yc
cljs$core$identity:Xd
cljs$core$ifn_QMARK_:Pd
cljs$core$imul:Cc
cljs$core$inc:$c
cljs$core$indexed_QMARK_:jd
cljs$core$inode_kv_reduce:vg
cljs$core$instance_QMARK_:Mc
cljs$core$into:Re
cljs$core$into_array$cljs$0core$0IFn$0_invoke$0arity$02:lb
cljs$core$iter_reduce$cljs$0core$0IFn$0_invoke$0arity$02:Td
cljs$core$iter_reduce$cljs$0core$0IFn$0_invoke$0arity$03:Ud
cljs$core$iterable_QMARK_:Pc
cljs$core$keep$cljs$0core$0IFn$0_invoke$0arity$02:Te
cljs$core$key:Of
cljs$core$key_test:rg
cljs$core$keys:kg
cljs$core$keyword:he
cljs$core$keyword_identical_QMARK_:ge
cljs$core$last:pd
cljs$core$linear_traversal_nth$cljs$0core$0IFn$0_invoke$0arity$03:ud
cljs$core$lookup_sentinel:Nd
cljs$core$m3_fmix:Fc
cljs$core$m3_hash_unencoded_chars:Gc
cljs$core$m3_mix_H1:Ec
cljs$core$m3_mix_K1:Dc
cljs$core$map:Ye
cljs$core$map_QMARK_:Id
cljs$core$map_entry_QMARK_:Nf
cljs$core$mapv$cljs$0core$0IFn$0_invoke$0arity$02:hf
cljs$core$max:be
cljs$core$max_key:bh
cljs$core$merge:Vg
cljs$core$meta:Bd
cljs$core$missing_protocol:gb
cljs$core$name:ie
cljs$core$native_satisfies_QMARK_:x
cljs$core$never_equiv:dg
cljs$core$new_path:tf
cljs$core$next:I
cljs$core$next_STAR_:ve
cljs$core$nil_QMARK_:db
cljs$core$nil_iter:Ge
cljs$core$not:fb
cljs$core$not_empty:Fe
cljs$core$nth:ld
cljs$core$nth$cljs$0core$0IFn$0_invoke$0arity$02:kd
cljs$core$nth$cljs$0core$0IFn$0_invoke$0arity$03:V
cljs$core$partial:Pe
cljs$core$partition$cljs$0core$0IFn$0_invoke$0arity$03:jf
cljs$core$peek:Cd
cljs$core$pop_tail:zf
cljs$core$pr_opts:Va
cljs$core$pr_sb_with_opts:uh
cljs$core$pr_sequential_writer:jh
cljs$core$pr_str_STAR_:Bc
cljs$core$pr_str_with_opts:vh
cljs$core$pr_writer:qh
cljs$core$pr_writer_impl:ph
cljs$core$prim_seq$cljs$0core$0IFn$0_invoke$0arity$02:T
cljs$core$print_map:rh
cljs$core$print_meta_QMARK_:oh
cljs$core$print_prefix_map:wh
cljs$core$push_tail:uf
cljs$core$pv_clone_node:rf
cljs$core$pv_fresh_node:qf
cljs$core$pv_reduce$cljs$0core$0IFn$0_invoke$0arity$04:Cf
cljs$core$pv_reduce$cljs$0core$0IFn$0_invoke$0arity$05:Df
cljs$core$quot:ce
cljs$core$quote_string:nh
cljs$core$range$cljs$0core$0IFn$0_invoke$0arity$03:gh
cljs$core$ranged_iterator:Bf
cljs$core$re_matches:ih
cljs$core$record_QMARK_:Jd
cljs$core$reduce:nb
cljs$core$reduce$cljs$0core$0IFn$0_invoke$0arity$02:Vd
cljs$core$reduce$cljs$0core$0IFn$0_invoke$0arity$03:mb
cljs$core$reduce_kv:Wd
cljs$core$reduced_QMARK_:bd
cljs$core$remove$cljs$0core$0IFn$0_invoke$0arity$02:ef
cljs$core$remove_pair:tg
cljs$core$repeat$cljs$0core$0IFn$0_invoke$0arity$02:cf
cljs$core$reset_BANG_:We
cljs$core$rest:Qc
cljs$core$seq:D
cljs$core$seq_reduce$cljs$0core$0IFn$0_invoke$0arity$02:Rd
cljs$core$seq_reduce$cljs$0core$0IFn$0_invoke$0arity$03:Sd
cljs$core$sequential_QMARK_:Hd
cljs$core$set:$g
cljs$core$set_QMARK_:Gd
cljs$core$some:Ne
cljs$core$spread:re
cljs$core$str:z
cljs$core$string_hash_cache:Hc
cljs$core$string_hash_cache_count:Ic
cljs$core$subvec:Vf
cljs$core$swap_BANG_:Xe
cljs$core$symbol:Oc
cljs$core$t_cljs$0core18245:Pa
cljs$core$tail_off:sf
cljs$core$take$cljs$0core$0IFn$0_invoke$0arity$02:Ze
cljs$core$tapset:Gh
cljs$core$transduce$cljs$0core$0IFn$0_invoke$0arity$04:Yd
cljs$core$tree_seq:ff
cljs$core$truth_:w
cljs$core$tv_editable_root:Gf
cljs$core$tv_editable_tail:Hf
cljs$core$tv_ensure_editable:Wf
cljs$core$tv_push_tail:Xf
cljs$core$type__GT_str:hb
cljs$core$unchecked_array_for:wf
cljs$core$update$cljs$0core$0IFn$0_invoke$0arity$03:mf
cljs$core$update$cljs$0core$0IFn$0_invoke$0arity$04:of
cljs$core$update_in:lf
cljs$core$val:Pf
cljs$core$vals:lg
cljs$core$vec:Lf
cljs$core$vector:Qf
cljs$core$vector_QMARK_:Kd
cljs$core$vector_index_out_of_bounds:vf
cljs$core$with_meta:Ad
cljs$core$write_all$cljs$0core$0IFn$0_invoke$0arity$0variadic:lh
cljs$cst$keyword$_GT_:Yh
cljs$cst$keyword$_LT__DASH_:ci
cljs$cst$keyword$_LT__GT_:ri
cljs$cst$keyword$add_DASH_event:Xi
cljs$cst$keyword$after:Gi
cljs$cst$keyword$alt_DASH_impl:sh
cljs$cst$keyword$atom:Ij
cljs$cst$keyword$auto_DASH_focus:Mh
cljs$cst$keyword$auto_DASH_run:Nh
cljs$cst$keyword$autobind:lj
cljs$cst$keyword$before:Pi
cljs$cst$keyword$class:$h
cljs$cst$keyword$cljsLegacyRender:ei
cljs$cst$keyword$coeffects:nf
cljs$cst$keyword$cofx:qi
cljs$cst$keyword$componentFunction:Qh
cljs$cst$keyword$componentWillMount:Ej
cljs$cst$keyword$componentWillUnmount:$i
cljs$cst$keyword$component_DASH_did_DASH_mount:Ki
cljs$cst$keyword$component_DASH_did_DASH_update:Hi
cljs$cst$keyword$component_DASH_will_DASH_unmount:wj
cljs$cst$keyword$cr:aj
cljs$cst$keyword$db:Vi
cljs$cst$keyword$db_DASH_handler:Fj
cljs$cst$keyword$debug:vj
cljs$cst$keyword$deregister_DASH_event_DASH_handler:pj
cljs$cst$keyword$dispatch:di
cljs$cst$keyword$dispatch_DASH_later:Bi
cljs$cst$keyword$dispatch_DASH_n:Ai
cljs$cst$keyword$displayName:Rh
cljs$cst$keyword$display_DASH_name:mj
cljs$cst$keyword$div:ij
cljs$cst$keyword$do_DASH_fx:hj
cljs$cst$keyword$dup:ab
cljs$cst$keyword$effects:gj
cljs$cst$keyword$error:dj
cljs$cst$keyword$error_QMARK_:cj
cljs$cst$keyword$event:ej
cljs$cst$keyword$exception:si
cljs$cst$keyword$fallback_DASH_impl:th
cljs$cst$keyword$finish_DASH_run:ui
cljs$cst$keyword$flush_DASH_dom:Ji
cljs$cst$keyword$flush_DASH_on_DASH_newline:Xa
cljs$cst$keyword$fontFamily:Oh
cljs$cst$keyword$fontSize:zi
cljs$cst$keyword$fsm_DASH_state:Wh
cljs$cst$keyword$fx:yi
cljs$cst$keyword$fx_DASH_handler:ti
cljs$cst$keyword$g:Si
cljs$cst$keyword$group:Bj
cljs$cst$keyword$groupEnd:Hj
cljs$cst$keyword$h1:wi
cljs$cst$keyword$height:nj
cljs$cst$keyword$id:sj
cljs$cst$keyword$idle:Ih
cljs$cst$keyword$input:Xh
cljs$cst$keyword$k:Ri
cljs$cst$keyword$key:Ui
cljs$cst$keyword$keyword_DASH_fn:Dh
cljs$cst$keyword$log:Sh
cljs$cst$keyword$map:Uh
cljs$cst$keyword$meta:$a
cljs$cst$keyword$more_DASH_marker:kh
cljs$cst$keyword$ms:Jh
cljs$cst$keyword$name:ji
cljs$cst$keyword$no_DASH_cache:pi
cljs$cst$keyword$on_DASH_change:Kh
cljs$cst$keyword$on_DASH_dispose:Th
cljs$cst$keyword$on_DASH_key_DASH_down:ai
cljs$cst$keyword$on_DASH_set:oi
cljs$cst$keyword$on_DASH_write:Ti
cljs$cst$keyword$pause:xj
cljs$cst$keyword$paused:Di
cljs$cst$keyword$print_DASH_length:bb
cljs$cst$keyword$queue:li
cljs$cst$keyword$re_DASH_frame_DOT_std_DASH_interceptors_SLASH_not_DASH_found:jj
cljs$cst$keyword$re_DASH_frame_DOT_std_DASH_interceptors_SLASH_untrimmed_DASH_event:ki
cljs$cst$keyword$readably:Ya
cljs$cst$keyword$reagentRender:ii
cljs$cst$keyword$reagent_DASH_render:Ni
cljs$cst$keyword$render:Lh
cljs$cst$keyword$resume:tj
cljs$cst$keyword$run_DASH_queue:Aj
cljs$cst$keyword$running:Zh
cljs$cst$keyword$scheduled:bj
cljs$cst$keyword$sequential:xi
cljs$cst$keyword$set:Wi
cljs$cst$keyword$shouldComponentUpdate:qj
cljs$cst$keyword$spellcheck:yj
cljs$cst$keyword$stack:gi
cljs$cst$keyword$sub:Mi
cljs$cst$keyword$text:zj
cljs$cst$keyword$trigger:Qi
cljs$cst$keyword$trim_DASH_v:Ci
cljs$cst$keyword$unnamed:Dj
cljs$cst$keyword$val:xh
cljs$cst$keyword$validator:fj
cljs$cst$keyword$value:kj
cljs$cst$keyword$vx:Ei
cljs$cst$keyword$vy:vi
cljs$cst$keyword$warn:mi
cljs$cst$keyword$width:uj
cljs$cst$keyword$window:ni
cljs$cst$keyword$word:Oi
cljs$cst$keyword$words:bi
cljs$cst$keyword$wordsmith_DOT_events_SLASH_add_DASH_word:Gj
cljs$cst$keyword$wordsmith_DOT_events_SLASH_anim_DASH_step:Ph
cljs$cst$keyword$wordsmith_DOT_events_SLASH_initialize_DASH_db:fi
cljs$cst$keyword$wordsmith_DOT_events_SLASH_set_DASH_word:Vh
cljs$cst$keyword$wordsmith_DOT_events_SLASH_try_DASH_word:hi
cljs$cst$keyword$wordsmith_DOT_events_SLASH_window_DASH_resized:Fi
cljs$cst$keyword$wordsmith_DOT_subs_SLASH_error_QMARK_:Cj
cljs$cst$keyword$wordsmith_DOT_subs_SLASH_window:Ii
cljs$cst$keyword$wordsmith_DOT_subs_SLASH_word:rj
cljs$cst$keyword$wordsmith_DOT_subs_SLASH_words:Li
cljs$cst$keyword$x:Zi
cljs$cst$keyword$y:Yi
cljs$cst$keyword$yield:oj
cljs$cst$symbol$meta18246:He
clojure$data$atom_diff:Rm
clojure$data$diff:Um
clojure$data$diff_associative:Vm
clojure$data$diff_associative_key:Tm
clojure$data$diff_sequential:Wm
clojure$data$diff_set:Xm
clojure$data$diff_similar:Zm
clojure$data$equality_partition:Ym
clojure$data$vectorize:Sm
clojure$set$bubble_max_key:nk
clojure$set$difference:qk
clojure$set$intersection:pk
clojure$set$union$cljs$0core$0IFn$0_invoke$0arity$02:ok
clojure$string$join$cljs$0core$0IFn$0_invoke$0arity$02:Rj
clojure$string$replace:Qj
clojure$string$replace_all:Oj
clojure$string$replace_with:Pj
cur$jscomp$inline_1177:Tl
goog$UID_PROPERTY_:ha
goog$array$toArray:La
goog$async$nextTick:Zl
goog$bind:oa
goog$bindJs_:na
goog$bindNative_:ka
goog$getUid:fa
goog$global:aa
goog$isFunction:ba
goog$labs$userAgent$util$userAgent_:Wl
goog$math$Integer:pa
goog$math$Integer$IntCache_:qa
goog$math$Integer$ONE:za
goog$math$Integer$TWO_PWR_24_:Aa
goog$math$Integer$TWO_PWR_32_DBL_:xa
goog$math$Integer$ZERO:ua
goog$math$Integer$carry16_:Ga
goog$math$Integer$fromInt:sa
goog$math$Integer$fromNumber:ta
goog$object$getKeys:Ka
goog$string$StringBuffer:Ma
goog$string$internal$trim:Ja
goog$typeOf:r
goog$uidCounter_:ja
module$node_modules$create_react_class$index:dk
module$node_modules$react$index:Nj
module$node_modules$react_dom$index:Jl
module$node_modules$react_konva$lib$ReactKonva:nn
navigator$jscomp$inline_788:Xl
opt_object$jscomp$inline_1174:Rl
part$jscomp$inline_1178:Ul
parts$jscomp$inline_1176:Sl
re_frame:$l
re_frame$cofx$inject_db:Qm
re_frame$core$reg_event_db:bn
re_frame$core$reg_event_fx$cljs$0core$0IFn$0_invoke$0arity$02:cn
re_frame$db$app_db:em
re_frame$events$_STAR_handling_STAR_:um
re_frame$events$handle:vm
re_frame$fx$do_fx:Pm
re_frame$interceptor$__GT_interceptor$cljs$0core$0IFn$0_invoke$0arity$0variadic:rm
re_frame$interceptor$get_coeffect$cljs$0core$0IFn$0_invoke$0arity$02:sm
re_frame$interceptor$invoke_interceptors:tm
re_frame$interop$add_on_dispose_BANG_:bm
re_frame$interop$deref_QMARK_:am
re_frame$interop$empty_queue:Se
re_frame$interop$reagent_id:dm
re_frame$interop$set_timeout_BANG_:cm
re_frame$loggers$console:gm
re_frame$loggers$console$cljs$0core$0IFn$0_invoke$0arity$0variadic:hm
re_frame$loggers$loggers:fm
re_frame$registrar$clear_handlers:nm
re_frame$registrar$get_handler$cljs$0core$0IFn$0_invoke$0arity$02:lm
re_frame$registrar$kind__GT_id__GT_handler:km
re_frame$registrar$register_handler:mm
re_frame$router$dispatch:Nm
re_frame$router$dispatch_sync:Om
re_frame$router$event_queue:Mm
re_frame$router$later_fns:Fm
re_frame$std_interceptors$db_handler__GT_interceptor:$m
re_frame$std_interceptors$fx_handler__GT_interceptor:an
re_frame$subs$cache_and_return:ym
re_frame$subs$cache_lookup$cljs$0core$0IFn$0_invoke$0arity$02:zm
re_frame$subs$clear_subscription_cache_BANG_:xm
re_frame$subs$deref_input_signals:Cm
re_frame$subs$map_vals:Bm
re_frame$subs$query__GT_reaction:wm
re_frame$subs$reg_sub:Dm
re_frame$subs$reg_sub$cljs$0core$0IFn$0_invoke$0arity$0variadic:Em
re_frame$subs$subscribe:Am
re_frame$trace:om
re_frame$trace$next_delivery:qm
re_frame$trace$traces:pm
re_frame$utils$dissoc_in:im
re_frame$utils$first_in_vector:jm
reagent:Sj
reagent$core$after_render:Vl
reagent$debug:Tj
reagent$debug$track_console:Vj
reagent$debug$warnings:Uj
reagent$dom:Kl
reagent$dom$imported:Ll
reagent$dom$re_render_component:Ol
reagent$dom$render$cljs$0core$0IFn$0_invoke$0arity$03:Pl
reagent$dom$render_comp:Nl
reagent$dom$roots:Ml
reagent$impl:Wj
reagent$impl$batching:ek
reagent$impl$batching$RenderQueue:kk
reagent$impl$batching$compare_mount_order:ik
reagent$impl$batching$fake_raf:gk
reagent$impl$batching$mount_count:fk
reagent$impl$batching$next_tick:hk
reagent$impl$batching$queue_render:mk
reagent$impl$batching$ratom_flush:jk
reagent$impl$batching$render_queue:lk
reagent$impl$component:Sk
reagent$impl$component$_STAR_current_component_STAR_:Tk
reagent$impl$component$as_element:Wk
reagent$impl$component$camelify_map_keys:cl
reagent$impl$component$create_class:fl
reagent$impl$component$custom_wrapper:Zk
reagent$impl$component$dash_to_camel:bl
reagent$impl$component$get_wrapper:$k
reagent$impl$component$map_to_js:el
reagent$impl$component$obligatory:al
reagent$impl$component$props_argv:Uk
reagent$impl$component$rat_opts:Rk
reagent$impl$component$reagent_class_QMARK_:Vk
reagent$impl$component$static_fns:Yk
reagent$impl$component$wrap_funs:dl
reagent$impl$component$wrap_render:Xk
reagent$impl$template:gl
reagent$impl$template$as_element:Gl
reagent$impl$template$cache_get:kl
reagent$impl$template$convert_custom_prop_value:pl
reagent$impl$template$convert_prop_value:ml
reagent$impl$template$custom_kv_conv:ol
reagent$impl$template$custom_prop_name_cache:nl
reagent$impl$template$expand_seq:Il
reagent$impl$template$find_dom_node:tl
reagent$impl$template$get_key:Cl
reagent$impl$template$input_component_set_value:wl
reagent$impl$template$input_handle_change:xl
reagent$impl$template$input_node_set_value:vl
reagent$impl$template$input_render_setup:yl
reagent$impl$template$input_spec:Bl
reagent$impl$template$key_from_vec:Dl
reagent$impl$template$kv_conv:ll
reagent$impl$template$make_element:Al
reagent$impl$template$named_QMARK_:il
reagent$impl$template$native_element:Fl
reagent$impl$template$oset:ql
reagent$impl$template$prop_name_cache:jl
reagent$impl$template$re_tag:hl
reagent$impl$template$reagent_input_class:zl
reagent$impl$template$set_id_class:rl
reagent$impl$template$stringify_class:sl
reagent$impl$template$tag_name_cache:El
reagent$impl$template$these_inputs_have_selection_api:ul
reagent$impl$template$vec_to_elem:Hl
reagent$impl$util$_STAR_always_update_STAR_:ck
reagent$impl$util$capitalize:Zj
reagent$impl$util$dash_to_camel:ak
reagent$impl$util$dont_camel_case:Yj
reagent$impl$util$fun_name:bk
reagent$impl$util$is_client:Xj
reagent$ratom:rk
reagent$ratom$RAtom:Fk
reagent$ratom$RCursor:Kk
reagent$ratom$Reaction:Ok
reagent$ratom$Track:Jk
reagent$ratom$_STAR_ratom_context_STAR_:sk
reagent$ratom$_running:vk
reagent$ratom$add_on_dispose_BANG_:Mk
reagent$ratom$add_w:zk
reagent$ratom$atom:Gk
reagent$ratom$cached_reaction:Hk
reagent$ratom$check_watches:yk
reagent$ratom$debug:tk
reagent$ratom$deref_capture:wk
reagent$ratom$dispose_BANG_:Lk
reagent$ratom$flush_BANG_:Ek
reagent$ratom$generation:uk
reagent$ratom$handle_reaction_change:Nk
reagent$ratom$make_reaction:Ik
reagent$ratom$notify_deref_watcher_BANG_:xk
reagent$ratom$notify_w:Bk
reagent$ratom$pr_atom:Ck
reagent$ratom$rea_queue:Dk
reagent$ratom$remove_w:Ak
reagent$ratom$run_in_reaction:Qk
reagent$ratom$temp_reaction:Pk
shadow$js$files:Jj
shadow$js$jsRequire:Mj
shadow$js$nativeRequires:Kj
shadow$js$requireStack:Lj
userAgent$jscomp$inline_789:Yl
wordsmith$db$default_db:dn
wordsmith$events$border:hn
wordsmith$events$friction:gn
wordsmith$events$gravity:fn
wordsmith$events$velocity:en
wordsmith$views$anim_loop:on
wordsmith$views$canvas:pn
wordsmith$views$main_panel:Ql
