G__21426_21454:An
G__21435_21456:Bn
G__21438_21458:Cn
G__21446_21460:Dn
JSCompiler_StaticMethods_assoc_BANG_:Xg
JSCompiler_StaticMethods_cljs$core$ITransientVector$_assoc_n_BANG_$arity$3:dg
JSCompiler_StaticMethods_divide:Ia
JSCompiler_StaticMethods_forceChunk:lh
JSCompiler_StaticMethods_getBits:Ga
JSCompiler_StaticMethods_isZero:Ha
JSCompiler_StaticMethods_negate:ya
JSCompiler_StaticMethods_re_frame$router$IEventQueue$_call_post_event_callbacks$arity$2:Vm
JSCompiler_StaticMethods_re_frame$router$IEventQueue$_fsm_trigger$arity$3:Rm
JSCompiler_StaticMethods_re_frame$router$IEventQueue$_pause$arity$2:Um
JSCompiler_StaticMethods_re_frame$router$IEventQueue$_process_1st_event_in_queue$arity$1:Sm
JSCompiler_StaticMethods_re_frame$router$IEventQueue$_run_next_tick$arity$1:Tm
JSCompiler_StaticMethods_re_frame$router$IEventQueue$_run_queue$arity$1:Qm
JSCompiler_StaticMethods_shiftRight:Ka
JSCompiler_StaticMethods_sval:pe
JSCompiler_StaticMethods_toNumber:Fa
JSCompiler_prototypeAlias:g
L 0:a
L 1:b
L 10:n
L 11:p
L 12:q
L 13:r
L 14:v
L 15:A
L 16:D
L 17:T
L 18:fa
L 19:oa
L 2:c
L 20:Aa
L 21:xa
L 22:sa
L 23:y
L 24:H
L 25:I
L 26:K
L 27:N
L 28:O
L 29:Q
L 3:d
L 30:U
L 31:Y
L 32:aa
L 33:da
L 34:ea
L 35:la
L 36:qa
L 37:ta
L 38:za
L 39:Ea
L 4:e
L 40:Na
L 41:fb
L 42:Db
L 43:pc
L 44:Rf
L 5:f
L 6:h
L 7:k
L 8:l
L 9:m
cljs:Qa
cljs$core:Ra
cljs$core$ArrayChunk:re
cljs$core$ArrayNode:Hg
cljs$core$ArrayNodeIterator:Lg
cljs$core$ArrayNodeSeq:Sg
cljs$core$Atom:$e
cljs$core$BitmapIndexedNode:Dg
cljs$core$BitmapIndexedNode$EMPTY:Gg
cljs$core$Box:wg
cljs$core$ChunkBuffer:qe
cljs$core$ChunkedCons:se
cljs$core$ChunkedSeq:Xf
cljs$core$Cons:ke
cljs$core$ES6EntriesIterator:lg
cljs$core$ES6Iterator:Wc
cljs$core$ES6SetEntriesIterator:mg
cljs$core$EmptyList:ie
cljs$core$ExceptionInfo:Lh
cljs$core$Fn:pb
cljs$core$HashCollisionNode:Pg
cljs$core$HashMapIter:Ug
cljs$core$HashSetIter:bh
cljs$core$ICollection:vb
cljs$core$ICounted:rb
cljs$core$IDeref:Tb
cljs$core$IEmptyableCollection:tb
cljs$core$IEncodeJS:Gh
cljs$core$IFn:qb
cljs$core$IIndexed:xb
cljs$core$IIterable:Bc
cljs$core$IKVReduce:$b
cljs$core$IList:gc
cljs$core$ILookup:Fb
cljs$core$IMap:Jb
cljs$core$IMeta:Vb
cljs$core$INIT:Oe
cljs$core$INext:Cb
cljs$core$IPrintWithWriter:lc
cljs$core$IRecord:hc
cljs$core$IReduce:Yb
cljs$core$IReversible:ic
cljs$core$ISeq:zb
cljs$core$ISeqable:dc
cljs$core$ISequential:fc
cljs$core$ISet:Nb
cljs$core$ITER_SYMBOL:kb
cljs$core$IVector:Rb
cljs$core$IndexedSeq:F
cljs$core$IndexedSeqIterator:od
cljs$core$KeySeq:Zg
cljs$core$Keyword:C
cljs$core$LazySeq:oe
cljs$core$List:yd
cljs$core$List$EMPTY:Uc
cljs$core$MapEntry:Kf
cljs$core$MetaFn:Ed
cljs$core$NeverEquiv:ig
cljs$core$NodeIterator:Cg
cljs$core$NodeSeq:Qg
cljs$core$PROTOCOL_SENTINEL:u
cljs$core$PersistentArrayMap:Ya
cljs$core$PersistentArrayMap$EMPTY:Ne
cljs$core$PersistentArrayMap$HASHMAP_THRESHOLD:tg
cljs$core$PersistentArrayMap$createAsIfByAssoc:Bd
cljs$core$PersistentArrayMapIterator:pg
cljs$core$PersistentArrayMapSeq:og
cljs$core$PersistentHashMap:Vg
cljs$core$PersistentHashMap$EMPTY:ug
cljs$core$PersistentHashSet:ch
cljs$core$PersistentHashSet$EMPTY:eh
cljs$core$PersistentQueue:gg
cljs$core$PersistentQueue$EMPTY:hg
cljs$core$PersistentQueueIter:eg
cljs$core$PersistentQueueSeq:fg
cljs$core$PersistentVector:X
cljs$core$PersistentVector$EMPTY:xd
cljs$core$PersistentVector$EMPTY_NODE:Z
cljs$core$PersistentVector$fromArray:Qf
cljs$core$RSeq:pd
cljs$core$Range:kh
cljs$core$RangeChunk:ih
cljs$core$RangeIterator:jh
cljs$core$RangedIterator:Gf
cljs$core$Reduced:cd
cljs$core$Repeat:hf
cljs$core$START:Pe
cljs$core$SeqIter:Qe
cljs$core$StringBufferWriter:Dc
cljs$core$Subvec:Zf
cljs$core$Symbol:Qc
cljs$core$TransientArrayMap:sg
cljs$core$TransientHashMap:Wg
cljs$core$TransientHashSet:dh
cljs$core$TransientVector:Lf
cljs$core$ValSeq:$g
cljs$core$VectorNode:vf
cljs$core$_EQ_:Vc
cljs$core$_PLUS_:ce
cljs$core$_STAR_:de
cljs$core$_STAR_eval_STAR_:Oh
cljs$core$_STAR_loaded_libs_STAR_:Wa
cljs$core$_STAR_print_err_fn_STAR_:Ua
cljs$core$_STAR_print_fn_STAR_:Ta
cljs$core$_STAR_print_level_STAR_:Va
cljs$core$_add_watch:nc
cljs$core$_as_transient:qc
cljs$core$_assoc:Hb
cljs$core$_assoc_BANG_:tc
cljs$core$_assoc_n:Sb
cljs$core$_chunked_first:vc
cljs$core$_chunked_rest:wc
cljs$core$_clj__GT_js:Hh
cljs$core$_conj:wb
cljs$core$_conj_BANG_:rc
cljs$core$_count:sb
cljs$core$_deref:Ub
cljs$core$_disjoin:Ob
cljs$core$_dissoc:Kb
cljs$core$_drop_first:uc
cljs$core$_empty:ub
cljs$core$_equiv:bc
cljs$core$_find:Ib
cljs$core$_first:Ab
cljs$core$_hash:cc
cljs$core$_indexOf$cljs$0core$0IFn$0_invoke$0arity$03:M
cljs$core$_iterator:Cc
cljs$core$_key:Lb
cljs$core$_kv_reduce:ac
cljs$core$_lastIndexOf$cljs$0core$0IFn$0_invoke$0arity$03:R
cljs$core$_lookup:Gb
cljs$core$_meta:Wb
cljs$core$_name:xc
cljs$core$_namespace:yc
cljs$core$_next:Eb
cljs$core$_nth:yb
cljs$core$_peek:Pb
cljs$core$_persistent_BANG_:sc
cljs$core$_pop:Qb
cljs$core$_pr_writer:mc
cljs$core$_reduce:Zb
cljs$core$_remove_watch:oc
cljs$core$_reset_BANG_:zc
cljs$core$_rest:Bb
cljs$core$_rseq:jc
cljs$core$_seq:ec
cljs$core$_swap_BANG_:Ac
cljs$core$_val:Mb
cljs$core$_with_meta:Xb
cljs$core$_write:kc
cljs$core$aclone:lb
cljs$core$apply:Fd
cljs$core$apply$cljs$0core$0IFn$0_invoke$0arity$02:Fe
cljs$core$apply$cljs$0core$0IFn$0_invoke$0arity$03:Ge
cljs$core$apply$cljs$0core$0IFn$0_invoke$0arity$04:He
cljs$core$apply$cljs$0core$0IFn$0_invoke$0arity$05:Ie
cljs$core$apply$cljs$0core$0IFn$0_invoke$0arity$0variadic:Je
cljs$core$apply_to:ze
cljs$core$apply_to_simple$cljs$0core$0IFn$0_invoke$0arity$03:Be
cljs$core$apply_to_simple$cljs$0core$0IFn$0_invoke$0arity$04:Ce
cljs$core$apply_to_simple$cljs$0core$0IFn$0_invoke$0arity$05:De
cljs$core$apply_to_simple$cljs$0core$0IFn$0_invoke$0arity$06:Ee
cljs$core$array_QMARK_:gb
cljs$core$array__GT_transient_hash_map:vg
cljs$core$array_copy:Sd
cljs$core$array_for:Df
cljs$core$array_index_of:ng
cljs$core$array_reduce$cljs$0core$0IFn$0_invoke$0arity$02:hd
cljs$core$array_reduce$cljs$0core$0IFn$0_invoke$0arity$03:id
cljs$core$array_reduce$cljs$0core$0IFn$0_invoke$0arity$04:jd
cljs$core$assoc:W
cljs$core$assoc_in:qf
cljs$core$atom$cljs$0core$0IFn$0_invoke$0arity$01:af
cljs$core$bit_count:he
cljs$core$boolean$0:Ud
cljs$core$bounded_count:ve
cljs$core$build_subvec:$f
cljs$core$butlast:gh
cljs$core$char_escapes:sh
cljs$core$chunk_append:ue
cljs$core$chunk_cons:te
cljs$core$chunked_seq:Pf
cljs$core$chunked_seq$cljs$0core$0IFn$0_invoke$0arity$04:Of
cljs$core$chunked_seq$cljs$0core$0IFn$0_invoke$0arity$05:Yf
cljs$core$chunked_seq_QMARK_:Rd
cljs$core$ci_reduce$cljs$0core$0IFn$0_invoke$0arity$02:fd
cljs$core$ci_reduce$cljs$0core$0IFn$0_invoke$0arity$03:gd
cljs$core$clj__GT_js:Ih
cljs$core$clone_and_set$cljs$0core$0IFn$0_invoke$0arity$03:yg
cljs$core$coll_QMARK_:Ld
cljs$core$comp:Ue
cljs$core$complement:Te
cljs$core$concat:xe
cljs$core$conj:wd
cljs$core$conj_BANG_:ye
cljs$core$cons:rd
cljs$core$contains_QMARK_:Wd
cljs$core$count:P
cljs$core$counted_QMARK_:kd
cljs$core$create_array_node_seq:Ng
cljs$core$create_array_node_seq$cljs$0core$0IFn$0_invoke$0arity$01:Mg
cljs$core$create_array_node_seq$cljs$0core$0IFn$0_invoke$0arity$03:Tg
cljs$core$create_inode_seq:Fg
cljs$core$create_inode_seq$cljs$0core$0IFn$0_invoke$0arity$01:Eg
cljs$core$create_inode_seq$cljs$0core$0IFn$0_invoke$0arity$03:Rg
cljs$core$create_node:Jg
cljs$core$create_node$cljs$0core$0IFn$0_invoke$0arity$06:Kg
cljs$core$create_node$cljs$0core$0IFn$0_invoke$0arity$07:Ig
cljs$core$dec:ee
cljs$core$deref:ed
cljs$core$disj:Jd
cljs$core$dissoc:Cd
cljs$core$do_assoc:Ef
cljs$core$doall$cljs$0core$0IFn$0_invoke$0arity$01:nh
cljs$core$drop$cljs$0core$0IFn$0_invoke$0arity$02:ff
cljs$core$drop_last$cljs$0core$0IFn$0_invoke$0arity$02:gf
cljs$core$edit_and_set$cljs$0core$0IFn$0_invoke$0arity$04:Ag
cljs$core$empty:zd
cljs$core$empty_QMARK_:Kd
cljs$core$empty_ordered_hash:Zc
cljs$core$empty_unordered_hash:ad
cljs$core$enable_console_print_BANG_:db
cljs$core$equiv_map:kg
cljs$core$equiv_sequential:qd
cljs$core$es6_iterator:Xc
cljs$core$every_QMARK_:Re
cljs$core$ex_info$cljs$0core$0IFn$0_invoke$0arity$02:Mh
cljs$core$filter$cljs$0core$0IFn$0_invoke$0arity$02:kf
cljs$core$first:G
cljs$core$flatten:nf
cljs$core$fn_QMARK_:Dd
cljs$core$fnil$cljs$0core$0IFn$0_invoke$0arity$02:We
cljs$core$gensym$cljs$0core$0IFn$0_invoke$0arity$01:Fh
cljs$core$gensym_counter:Eh
cljs$core$get:B
cljs$core$hash:Nc
cljs$core$hash_collision_node_find_index:Og
cljs$core$hash_combine:Oc
cljs$core$hash_map:Yg
cljs$core$hash_ordered_coll:Yc
cljs$core$hash_string:Mc
cljs$core$hash_unordered_coll:$c
cljs$core$identity:ae
cljs$core$ifn_QMARK_:Vd
cljs$core$imul:Fc
cljs$core$inc:bd
cljs$core$indexed_QMARK_:ld
cljs$core$inode_kv_reduce:Bg
cljs$core$instance_QMARK_:Pc
cljs$core$into:Xe
cljs$core$into_array$cljs$0core$0IFn$0_invoke$0arity$02:mb
cljs$core$iter_reduce$cljs$0core$0IFn$0_invoke$0arity$02:Xd
cljs$core$iter_reduce$cljs$0core$0IFn$0_invoke$0arity$03:Yd
cljs$core$iterable_QMARK_:Sc
cljs$core$keep$cljs$0core$0IFn$0_invoke$0arity$02:Ze
cljs$core$key:Uf
cljs$core$key_test:xg
cljs$core$keys:qg
cljs$core$keyword:me
cljs$core$keyword_identical_QMARK_:le
cljs$core$last:vd
cljs$core$linear_traversal_nth$cljs$0core$0IFn$0_invoke$0arity$03:Ad
cljs$core$lookup_sentinel:Td
cljs$core$m3_fmix:Ic
cljs$core$m3_hash_unencoded_chars:Jc
cljs$core$m3_mix_H1:Hc
cljs$core$m3_mix_K1:Gc
cljs$core$map:df
cljs$core$map_QMARK_:Od
cljs$core$map_entry_QMARK_:Tf
cljs$core$mapv$cljs$0core$0IFn$0_invoke$0arity$02:of
cljs$core$max:fe
cljs$core$max_key:hh
cljs$core$memoize:Kh
cljs$core$merge:ah
cljs$core$meta:Hd
cljs$core$missing_protocol:ib
cljs$core$name:ne
cljs$core$native_satisfies_QMARK_:x
cljs$core$never_equiv:jg
cljs$core$new_path:zf
cljs$core$next:J
cljs$core$next_STAR_:Ae
cljs$core$nil_QMARK_:eb
cljs$core$nil_iter:Le
cljs$core$not:hb
cljs$core$not_empty:Ke
cljs$core$nth:nd
cljs$core$nth$cljs$0core$0IFn$0_invoke$0arity$02:md
cljs$core$nth$cljs$0core$0IFn$0_invoke$0arity$03:V
cljs$core$partial:Ve
cljs$core$partition$cljs$0core$0IFn$0_invoke$0arity$03:pf
cljs$core$peek:Id
cljs$core$pop_tail:Ff
cljs$core$pr_opts:Xa
cljs$core$pr_sb_with_opts:Ah
cljs$core$pr_sequential_writer:ph
cljs$core$pr_str_STAR_:Ec
cljs$core$pr_str_with_opts:Bh
cljs$core$pr_writer:wh
cljs$core$pr_writer_impl:vh
cljs$core$prim_seq$cljs$0core$0IFn$0_invoke$0arity$02:S
cljs$core$print_map:xh
cljs$core$print_meta_QMARK_:uh
cljs$core$print_prefix_map:Ch
cljs$core$push_tail:Af
cljs$core$pv_clone_node:xf
cljs$core$pv_fresh_node:wf
cljs$core$pv_reduce$cljs$0core$0IFn$0_invoke$0arity$04:If
cljs$core$pv_reduce$cljs$0core$0IFn$0_invoke$0arity$05:Jf
cljs$core$quot:ge
cljs$core$quote_string:th
cljs$core$range$cljs$0core$0IFn$0_invoke$0arity$03:mh
cljs$core$ranged_iterator:Hf
cljs$core$re_matches:oh
cljs$core$record_QMARK_:Pd
cljs$core$reduce:ob
cljs$core$reduce$cljs$0core$0IFn$0_invoke$0arity$02:Zd
cljs$core$reduce$cljs$0core$0IFn$0_invoke$0arity$03:nb
cljs$core$reduce_kv:$d
cljs$core$reduced_QMARK_:dd
cljs$core$remove$cljs$0core$0IFn$0_invoke$0arity$02:lf
cljs$core$remove_pair:zg
cljs$core$repeat$cljs$0core$0IFn$0_invoke$0arity$02:jf
cljs$core$reset_BANG_:bf
cljs$core$rest:Tc
cljs$core$reverse:je
cljs$core$seq:E
cljs$core$seq_reduce:td
cljs$core$seq_reduce$cljs$0core$0IFn$0_invoke$0arity$02:sd
cljs$core$seq_reduce$cljs$0core$0IFn$0_invoke$0arity$03:ud
cljs$core$sequential_QMARK_:Nd
cljs$core$set:fh
cljs$core$set_QMARK_:Md
cljs$core$some:Se
cljs$core$spread:we
cljs$core$str:z
cljs$core$string_hash_cache:Kc
cljs$core$string_hash_cache_count:Lc
cljs$core$subvec:ag
cljs$core$swap_BANG_:cf
cljs$core$symbol:Rc
cljs$core$t_cljs$0core18245:Sa
cljs$core$tail_off:yf
cljs$core$take$cljs$0core$0IFn$0_invoke$0arity$02:ef
cljs$core$tapset:Nh
cljs$core$transduce$cljs$0core$0IFn$0_invoke$0arity$04:be
cljs$core$tree_seq:mf
cljs$core$truth_:w
cljs$core$tv_editable_root:Mf
cljs$core$tv_editable_tail:Nf
cljs$core$tv_ensure_editable:bg
cljs$core$tv_push_tail:cg
cljs$core$type__GT_str:jb
cljs$core$unchecked_array_for:Cf
cljs$core$update$cljs$0core$0IFn$0_invoke$0arity$03:sf
cljs$core$update$cljs$0core$0IFn$0_invoke$0arity$04:uf
cljs$core$update_in:rf
cljs$core$val:Vf
cljs$core$vals:rg
cljs$core$vec:Sf
cljs$core$vector:Wf
cljs$core$vector_QMARK_:Qd
cljs$core$vector_index_out_of_bounds:Bf
cljs$core$with_meta:Gd
cljs$core$write_all$cljs$0core$0IFn$0_invoke$0arity$0variadic:rh
cljs$cst$keyword$_GT_:gi
cljs$cst$keyword$_LT__DASH_:li
cljs$cst$keyword$_LT__GT_:Ai
cljs$cst$keyword$add_DASH_event:hj
cljs$cst$keyword$after:Ri
cljs$cst$keyword$alt_DASH_impl:yh
cljs$cst$keyword$atom:Sj
cljs$cst$keyword$auto_DASH_focus:Th
cljs$cst$keyword$auto_DASH_run:Uh
cljs$cst$keyword$autobind:wj
cljs$cst$keyword$before:$i
cljs$cst$keyword$class:ii
cljs$cst$keyword$cljsLegacyRender:ni
cljs$cst$keyword$coeffects:tf
cljs$cst$keyword$cofx:zi
cljs$cst$keyword$componentFunction:Xh
cljs$cst$keyword$componentWillMount:Oj
cljs$cst$keyword$componentWillUnmount:kj
cljs$cst$keyword$component_DASH_did_DASH_mount:Vi
cljs$cst$keyword$component_DASH_did_DASH_update:Si
cljs$cst$keyword$component_DASH_will_DASH_unmount:Hj
cljs$cst$keyword$cr:lj
cljs$cst$keyword$db:fj
cljs$cst$keyword$db_DASH_handler:Pj
cljs$cst$keyword$debug:Gj
cljs$cst$keyword$deregister_DASH_event_DASH_handler:Aj
cljs$cst$keyword$dispatch:mi
cljs$cst$keyword$dispatch_DASH_later:Li
cljs$cst$keyword$dispatch_DASH_n:Ki
cljs$cst$keyword$displayName:Yh
cljs$cst$keyword$display_DASH_name:xj
cljs$cst$keyword$div:tj
cljs$cst$keyword$do_DASH_fx:sj
cljs$cst$keyword$dup:bb
cljs$cst$keyword$effects:rj
cljs$cst$keyword$error:oj
cljs$cst$keyword$error_QMARK_:nj
cljs$cst$keyword$event:pj
cljs$cst$keyword$exception:Ci
cljs$cst$keyword$fallback_DASH_impl:zh
cljs$cst$keyword$finish_DASH_run:Ei
cljs$cst$keyword$flush_DASH_dom:Ui
cljs$cst$keyword$flush_DASH_on_DASH_newline:Za
cljs$cst$keyword$fontFamily:Vh
cljs$cst$keyword$fontSize:Ji
cljs$cst$keyword$fsm_DASH_state:ci
cljs$cst$keyword$fx:Ii
cljs$cst$keyword$fx_DASH_handler:Di
cljs$cst$keyword$g:cj
cljs$cst$keyword$group:Lj
cljs$cst$keyword$groupEnd:Rj
cljs$cst$keyword$h1:Gi
cljs$cst$keyword$height:yj
cljs$cst$keyword$id:Dj
cljs$cst$keyword$idle:Ph
cljs$cst$keyword$input:di
cljs$cst$keyword$k:bj
cljs$cst$keyword$key:ej
cljs$cst$keyword$keyword_DASH_fn:Jh
cljs$cst$keyword$log:Zh
cljs$cst$keyword$map:ai
cljs$cst$keyword$meta:ab
cljs$cst$keyword$more_DASH_marker:qh
cljs$cst$keyword$ms:Qh
cljs$cst$keyword$name:si
cljs$cst$keyword$no_DASH_cache:yi
cljs$cst$keyword$on_DASH_change:Rh
cljs$cst$keyword$on_DASH_dispose:$h
cljs$cst$keyword$on_DASH_key_DASH_down:ji
cljs$cst$keyword$on_DASH_set:xi
cljs$cst$keyword$on_DASH_write:dj
cljs$cst$keyword$pause:Ij
cljs$cst$keyword$paused:Oi
cljs$cst$keyword$prev_DASH_x:fi
cljs$cst$keyword$prev_DASH_y:ei
cljs$cst$keyword$print_DASH_length:cb
cljs$cst$keyword$queue:ui
cljs$cst$keyword$re_DASH_frame_DOT_std_DASH_interceptors_SLASH_not_DASH_found:uj
cljs$cst$keyword$re_DASH_frame_DOT_std_DASH_interceptors_SLASH_untrimmed_DASH_event:ti
cljs$cst$keyword$readably:$a
cljs$cst$keyword$reagentRender:ri
cljs$cst$keyword$reagent_DASH_render:Yi
cljs$cst$keyword$render:Sh
cljs$cst$keyword$resume:Ej
cljs$cst$keyword$rotation:Bi
cljs$cst$keyword$run_DASH_queue:Kj
cljs$cst$keyword$running:hi
cljs$cst$keyword$scheduled:mj
cljs$cst$keyword$sequential:Hi
cljs$cst$keyword$set:gj
cljs$cst$keyword$shouldComponentUpdate:Bj
cljs$cst$keyword$spellCheck:Ni
cljs$cst$keyword$stack:pi
cljs$cst$keyword$sub:Xi
cljs$cst$keyword$text:Jj
cljs$cst$keyword$trigger:aj
cljs$cst$keyword$trim_DASH_v:Mi
cljs$cst$keyword$unnamed:Nj
cljs$cst$keyword$val:Dh
cljs$cst$keyword$validator:qj
cljs$cst$keyword$value:vj
cljs$cst$keyword$vx:Pi
cljs$cst$keyword$vy:Fi
cljs$cst$keyword$warn:vi
cljs$cst$keyword$width:Fj
cljs$cst$keyword$window:wi
cljs$cst$keyword$word:Zi
cljs$cst$keyword$words:ki
cljs$cst$keyword$wordsmith_DOT_events_SLASH_add_DASH_word:Qj
cljs$cst$keyword$wordsmith_DOT_events_SLASH_anim_DASH_step:Wh
cljs$cst$keyword$wordsmith_DOT_events_SLASH_initialize_DASH_db:oi
cljs$cst$keyword$wordsmith_DOT_events_SLASH_set_DASH_word:bi
cljs$cst$keyword$wordsmith_DOT_events_SLASH_try_DASH_word:qi
cljs$cst$keyword$wordsmith_DOT_events_SLASH_window_DASH_resized:Qi
cljs$cst$keyword$wordsmith_DOT_subs_SLASH_error_QMARK_:Mj
cljs$cst$keyword$wordsmith_DOT_subs_SLASH_window:Ti
cljs$cst$keyword$wordsmith_DOT_subs_SLASH_word:Cj
cljs$cst$keyword$wordsmith_DOT_subs_SLASH_words:Wi
cljs$cst$keyword$x:jj
cljs$cst$keyword$y:ij
cljs$cst$keyword$yield:zj
cljs$cst$symbol$meta18246:Me
clojure$data$atom_diff:an
clojure$data$diff:dn
clojure$data$diff_associative:en
clojure$data$diff_associative_key:cn
clojure$data$diff_sequential:fn
clojure$data$diff_set:gn
clojure$data$diff_similar:jn
clojure$data$equality_partition:hn
clojure$data$vectorize:bn
clojure$set$bubble_max_key:xk
clojure$set$difference:Ak
clojure$set$intersection:zk
clojure$set$union$cljs$0core$0IFn$0_invoke$0arity$02:yk
clojure$string$join$cljs$0core$0IFn$0_invoke$0arity$02:bk
clojure$string$replace:ak
clojure$string$replace_all:Yj
clojure$string$replace_with:Zj
cur$jscomp$inline_1244:cm
goog$UID_PROPERTY_:ia
goog$array$toArray:Oa
goog$async$nextTick:im
goog$bind:na
goog$bindJs_:ma
goog$bindNative_:ka
goog$getUid:ha
goog$global:ba
goog$isFunction:ca
goog$labs$userAgent$util$userAgent_:fm
goog$math$Integer:pa
goog$math$Integer$IntCache_:ra
goog$math$Integer$ONE:Ca
goog$math$Integer$TWO_PWR_24_:Da
goog$math$Integer$TWO_PWR_32_DBL_:Ba
goog$math$Integer$ZERO:wa
goog$math$Integer$carry16_:Ja
goog$math$Integer$fromInt:ua
goog$math$Integer$fromNumber:va
goog$object$getKeys:Ma
goog$string$StringBuffer:Pa
goog$string$internal$trim:La
goog$typeOf:t
goog$uidCounter_:ja
module$node_modules$create_react_class$index:nk
module$node_modules$react$index:Xj
module$node_modules$react_dom$index:Tl
module$node_modules$react_konva$lib$ReactKonva:En
navigator$jscomp$inline_804:gm
opt_object$jscomp$inline_1241:am
part$jscomp$inline_1245:dm
parts$jscomp$inline_1243:bm
re_frame:jm
re_frame$cofx$inject_db:$m
re_frame$core$reg_event_db:mn
re_frame$core$reg_event_fx$cljs$0core$0IFn$0_invoke$0arity$02:nn
re_frame$db$app_db:om
re_frame$events$_STAR_handling_STAR_:Em
re_frame$events$handle:Fm
re_frame$fx$do_fx:Zm
re_frame$interceptor$__GT_interceptor$cljs$0core$0IFn$0_invoke$0arity$0variadic:Bm
re_frame$interceptor$get_coeffect$cljs$0core$0IFn$0_invoke$0arity$02:Cm
re_frame$interceptor$invoke_interceptors:Dm
re_frame$interop$add_on_dispose_BANG_:lm
re_frame$interop$deref_QMARK_:km
re_frame$interop$empty_queue:Ye
re_frame$interop$reagent_id:nm
re_frame$interop$set_timeout_BANG_:mm
re_frame$loggers$console:qm
re_frame$loggers$console$cljs$0core$0IFn$0_invoke$0arity$0variadic:rm
re_frame$loggers$loggers:pm
re_frame$registrar$clear_handlers:xm
re_frame$registrar$get_handler$cljs$0core$0IFn$0_invoke$0arity$02:vm
re_frame$registrar$kind__GT_id__GT_handler:um
re_frame$registrar$register_handler:wm
re_frame$router$dispatch:Xm
re_frame$router$dispatch_sync:Ym
re_frame$router$event_queue:Wm
re_frame$router$later_fns:Pm
re_frame$std_interceptors$db_handler__GT_interceptor:kn
re_frame$std_interceptors$fx_handler__GT_interceptor:ln
re_frame$subs$cache_and_return:Im
re_frame$subs$cache_lookup$cljs$0core$0IFn$0_invoke$0arity$02:Jm
re_frame$subs$clear_subscription_cache_BANG_:Hm
re_frame$subs$deref_input_signals:Mm
re_frame$subs$map_vals:Lm
re_frame$subs$query__GT_reaction:Gm
re_frame$subs$reg_sub:Nm
re_frame$subs$reg_sub$cljs$0core$0IFn$0_invoke$0arity$0variadic:Om
re_frame$subs$subscribe:Km
re_frame$trace:ym
re_frame$trace$next_delivery:Am
re_frame$trace$traces:zm
re_frame$utils$dissoc_in:sm
re_frame$utils$first_in_vector:tm
reagent:ck
reagent$core$after_render:em
reagent$debug:dk
reagent$debug$track_console:fk
reagent$debug$warnings:ek
reagent$dom:Ul
reagent$dom$imported:Vl
reagent$dom$re_render_component:Yl
reagent$dom$render$cljs$0core$0IFn$0_invoke$0arity$03:Zl
reagent$dom$render_comp:Xl
reagent$dom$roots:Wl
reagent$impl:gk
reagent$impl$batching:ok
reagent$impl$batching$RenderQueue:uk
reagent$impl$batching$compare_mount_order:sk
reagent$impl$batching$fake_raf:qk
reagent$impl$batching$mount_count:pk
reagent$impl$batching$next_tick:rk
reagent$impl$batching$queue_render:wk
reagent$impl$batching$ratom_flush:tk
reagent$impl$batching$render_queue:vk
reagent$impl$component:bl
reagent$impl$component$_STAR_current_component_STAR_:cl
reagent$impl$component$as_element:fl
reagent$impl$component$camelify_map_keys:ml
reagent$impl$component$create_class:pl
reagent$impl$component$custom_wrapper:il
reagent$impl$component$dash_to_camel:ll
reagent$impl$component$get_wrapper:jl
reagent$impl$component$map_to_js:ol
reagent$impl$component$obligatory:kl
reagent$impl$component$props_argv:dl
reagent$impl$component$rat_opts:al
reagent$impl$component$reagent_class_QMARK_:el
reagent$impl$component$static_fns:hl
reagent$impl$component$wrap_funs:nl
reagent$impl$component$wrap_render:gl
reagent$impl$template:ql
reagent$impl$template$as_element:Ql
reagent$impl$template$cache_get:ul
reagent$impl$template$convert_custom_prop_value:zl
reagent$impl$template$convert_prop_value:wl
reagent$impl$template$custom_kv_conv:yl
reagent$impl$template$custom_prop_name_cache:xl
reagent$impl$template$expand_seq:Sl
reagent$impl$template$find_dom_node:Dl
reagent$impl$template$get_key:Ml
reagent$impl$template$input_component_set_value:Gl
reagent$impl$template$input_handle_change:Hl
reagent$impl$template$input_node_set_value:Fl
reagent$impl$template$input_render_setup:Il
reagent$impl$template$input_spec:Ll
reagent$impl$template$key_from_vec:Nl
reagent$impl$template$kv_conv:vl
reagent$impl$template$make_element:Kl
reagent$impl$template$named_QMARK_:sl
reagent$impl$template$native_element:Pl
reagent$impl$template$oset:Al
reagent$impl$template$prop_name_cache:tl
reagent$impl$template$re_tag:rl
reagent$impl$template$reagent_input_class:Jl
reagent$impl$template$set_id_class:Bl
reagent$impl$template$stringify_class:Cl
reagent$impl$template$tag_name_cache:Ol
reagent$impl$template$these_inputs_have_selection_api:El
reagent$impl$template$vec_to_elem:Rl
reagent$impl$util$_STAR_always_update_STAR_:mk
reagent$impl$util$capitalize:jk
reagent$impl$util$dash_to_camel:kk
reagent$impl$util$dont_camel_case:ik
reagent$impl$util$fun_name:lk
reagent$impl$util$is_client:hk
reagent$ratom:Bk
reagent$ratom$RAtom:Pk
reagent$ratom$RCursor:Uk
reagent$ratom$Reaction:Yk
reagent$ratom$Track:Tk
reagent$ratom$_STAR_ratom_context_STAR_:Ck
reagent$ratom$_running:Fk
reagent$ratom$add_on_dispose_BANG_:Wk
reagent$ratom$add_w:Jk
reagent$ratom$atom:Qk
reagent$ratom$cached_reaction:Rk
reagent$ratom$check_watches:Ik
reagent$ratom$debug:Dk
reagent$ratom$deref_capture:Gk
reagent$ratom$dispose_BANG_:Vk
reagent$ratom$flush_BANG_:Ok
reagent$ratom$generation:Ek
reagent$ratom$handle_reaction_change:Xk
reagent$ratom$make_reaction:Sk
reagent$ratom$notify_deref_watcher_BANG_:Hk
reagent$ratom$notify_w:Lk
reagent$ratom$pr_atom:Mk
reagent$ratom$rea_queue:Nk
reagent$ratom$remove_w:Kk
reagent$ratom$run_in_reaction:$k
reagent$ratom$temp_reaction:Zk
shadow$js$files:Tj
shadow$js$jsRequire:Wj
shadow$js$nativeRequires:Uj
shadow$js$requireStack:Vj
userAgent$jscomp$inline_805:hm
wordsmith$db$default_db:on
wordsmith$dictionary$word_list:pn
wordsmith$physics$border:xn
wordsmith$physics$collisions:zn
wordsmith$physics$friction:wn
wordsmith$physics$gravity:vn
wordsmith$physics$neighbors:yn
wordsmith$physics$velocity:un
wordsmith$util$half_word_height:tn
wordsmith$util$half_word_width:rn
wordsmith$util$word_height:sn
wordsmith$util$word_width:qn
wordsmith$views$anim_loop:Fn
wordsmith$views$canvas:Gn
wordsmith$views$main_panel:$l
